<?xml version="1.0" encoding="UTF-8"?>
<testsuites name="jest tests" tests="1" failures="0" errors="0" time="0.202">
  <testsuite name="Example Test Suite" errors="0" failures="0" skipped="0" timestamp="2025-04-18T19:45:05" time="0.08" tests="1">
    <testcase classname="Example Test Suite should pass this example test" name="Example Test Suite should pass this example test" time="0.001">
    </testcase>
  </testsuite>
</testsuites>